------------------------------------------------------------
TimeQuest Timing Analyzer Summary
------------------------------------------------------------

Type  : Slow 1200mV 85C Model Setup 'adc_proj:comb_11|data_setup:inst1|counter[9]'
Slack : -3.790
TNS   : -40.061

Type  : Slow 1200mV 85C Model Setup 'kbd:keyboard_inst|ps2_clk_filt'
Slack : -3.058
TNS   : -62.422

Type  : Slow 1200mV 85C Model Setup 'clk_50'
Slack : -2.853
TNS   : -16.842

Type  : Slow 1200mV 85C Model Setup 'adc_proj:comb_11|codec_prgm:inst2|done'
Slack : -1.445
TNS   : -7.839

Type  : Slow 1200mV 85C Model Hold 'kbd:keyboard_inst|ps2_clk_filt'
Slack : 0.386
TNS   : 0.000

Type  : Slow 1200mV 85C Model Hold 'clk_50'
Slack : 0.390
TNS   : 0.000

Type  : Slow 1200mV 85C Model Hold 'adc_proj:comb_11|codec_prgm:inst2|done'
Slack : 0.403
TNS   : 0.000

Type  : Slow 1200mV 85C Model Hold 'adc_proj:comb_11|data_setup:inst1|counter[9]'
Slack : 0.403
TNS   : 0.000

Type  : Slow 1200mV 85C Model Minimum Pulse Width 'clk_50'
Slack : -3.000
TNS   : -28.700

Type  : Slow 1200mV 85C Model Minimum Pulse Width 'kbd:keyboard_inst|ps2_clk_filt'
Slack : -1.285
TNS   : -38.550

Type  : Slow 1200mV 85C Model Minimum Pulse Width 'adc_proj:comb_11|data_setup:inst1|counter[9]'
Slack : -1.285
TNS   : -23.130

Type  : Slow 1200mV 85C Model Minimum Pulse Width 'adc_proj:comb_11|codec_prgm:inst2|done'
Slack : -1.285
TNS   : -7.710

Type  : Slow 1200mV 0C Model Setup 'adc_proj:comb_11|data_setup:inst1|counter[9]'
Slack : -3.420
TNS   : -34.919

Type  : Slow 1200mV 0C Model Setup 'kbd:keyboard_inst|ps2_clk_filt'
Slack : -2.666
TNS   : -54.436

Type  : Slow 1200mV 0C Model Setup 'clk_50'
Slack : -2.534
TNS   : -13.759

Type  : Slow 1200mV 0C Model Setup 'adc_proj:comb_11|codec_prgm:inst2|done'
Slack : -1.228
TNS   : -6.604

Type  : Slow 1200mV 0C Model Hold 'kbd:keyboard_inst|ps2_clk_filt'
Slack : 0.337
TNS   : 0.000

Type  : Slow 1200mV 0C Model Hold 'clk_50'
Slack : 0.350
TNS   : 0.000

Type  : Slow 1200mV 0C Model Hold 'adc_proj:comb_11|data_setup:inst1|counter[9]'
Slack : 0.353
TNS   : 0.000

Type  : Slow 1200mV 0C Model Hold 'adc_proj:comb_11|codec_prgm:inst2|done'
Slack : 0.354
TNS   : 0.000

Type  : Slow 1200mV 0C Model Minimum Pulse Width 'clk_50'
Slack : -3.000
TNS   : -28.700

Type  : Slow 1200mV 0C Model Minimum Pulse Width 'kbd:keyboard_inst|ps2_clk_filt'
Slack : -1.285
TNS   : -38.550

Type  : Slow 1200mV 0C Model Minimum Pulse Width 'adc_proj:comb_11|data_setup:inst1|counter[9]'
Slack : -1.285
TNS   : -23.130

Type  : Slow 1200mV 0C Model Minimum Pulse Width 'adc_proj:comb_11|codec_prgm:inst2|done'
Slack : -1.285
TNS   : -7.710

Type  : Fast 1200mV 0C Model Setup 'adc_proj:comb_11|data_setup:inst1|counter[9]'
Slack : -1.360
TNS   : -10.618

Type  : Fast 1200mV 0C Model Setup 'kbd:keyboard_inst|ps2_clk_filt'
Slack : -1.007
TNS   : -15.925

Type  : Fast 1200mV 0C Model Setup 'clk_50'
Slack : -0.943
TNS   : -3.342

Type  : Fast 1200mV 0C Model Setup 'adc_proj:comb_11|codec_prgm:inst2|done'
Slack : -0.172
TNS   : -0.860

Type  : Fast 1200mV 0C Model Hold 'kbd:keyboard_inst|ps2_clk_filt'
Slack : 0.173
TNS   : 0.000

Type  : Fast 1200mV 0C Model Hold 'clk_50'
Slack : 0.180
TNS   : 0.000

Type  : Fast 1200mV 0C Model Hold 'adc_proj:comb_11|codec_prgm:inst2|done'
Slack : 0.181
TNS   : 0.000

Type  : Fast 1200mV 0C Model Hold 'adc_proj:comb_11|data_setup:inst1|counter[9]'
Slack : 0.182
TNS   : 0.000

Type  : Fast 1200mV 0C Model Minimum Pulse Width 'clk_50'
Slack : -3.000
TNS   : -28.987

Type  : Fast 1200mV 0C Model Minimum Pulse Width 'kbd:keyboard_inst|ps2_clk_filt'
Slack : -1.000
TNS   : -30.000

Type  : Fast 1200mV 0C Model Minimum Pulse Width 'adc_proj:comb_11|data_setup:inst1|counter[9]'
Slack : -1.000
TNS   : -18.000

Type  : Fast 1200mV 0C Model Minimum Pulse Width 'adc_proj:comb_11|codec_prgm:inst2|done'
Slack : -1.000
TNS   : -6.000

------------------------------------------------------------
