------------------------------------------------------------
TimeQuest Timing Analyzer Summary
------------------------------------------------------------

Type  : Slow 1200mV 85C Model Setup 'adc_proj:comb_3|data_setup:inst1|counter[9]'
Slack : -3.538
TNS   : -45.909

Type  : Slow 1200mV 85C Model Setup 'kbd:keyboard_inst|ps2_clk_filt'
Slack : -3.370
TNS   : -79.095

Type  : Slow 1200mV 85C Model Setup 'clk_50'
Slack : -3.117
TNS   : -406.011

Type  : Slow 1200mV 85C Model Setup 'AUD_DACLRCK'
Slack : -2.816
TNS   : -36.608

Type  : Slow 1200mV 85C Model Setup 'AUD_BCLK'
Slack : -1.942
TNS   : -61.389

Type  : Slow 1200mV 85C Model Setup 'adc_proj:comb_3|codec_prgm:inst2|done'
Slack : -1.445
TNS   : -7.842

Type  : Slow 1200mV 85C Model Hold 'kbd:keyboard_inst|ps2_clk_filt'
Slack : 0.387
TNS   : 0.000

Type  : Slow 1200mV 85C Model Hold 'adc_proj:comb_3|data_setup:inst1|counter[9]'
Slack : 0.389
TNS   : 0.000

Type  : Slow 1200mV 85C Model Hold 'adc_proj:comb_3|codec_prgm:inst2|done'
Slack : 0.403
TNS   : 0.000

Type  : Slow 1200mV 85C Model Hold 'clk_50'
Slack : 0.403
TNS   : 0.000

Type  : Slow 1200mV 85C Model Hold 'AUD_BCLK'
Slack : 0.406
TNS   : 0.000

Type  : Slow 1200mV 85C Model Hold 'AUD_DACLRCK'
Slack : 0.656
TNS   : 0.000

Type  : Slow 1200mV 85C Model Minimum Pulse Width 'clk_50'
Slack : -3.000
TNS   : -784.928

Type  : Slow 1200mV 85C Model Minimum Pulse Width 'AUD_BCLK'
Slack : -3.000
TNS   : -86.525

Type  : Slow 1200mV 85C Model Minimum Pulse Width 'AUD_DACLRCK'
Slack : -3.000
TNS   : -19.705

Type  : Slow 1200mV 85C Model Minimum Pulse Width 'kbd:keyboard_inst|ps2_clk_filt'
Slack : -1.285
TNS   : -43.690

Type  : Slow 1200mV 85C Model Minimum Pulse Width 'adc_proj:comb_3|data_setup:inst1|counter[9]'
Slack : -1.285
TNS   : -23.130

Type  : Slow 1200mV 85C Model Minimum Pulse Width 'adc_proj:comb_3|codec_prgm:inst2|done'
Slack : -1.285
TNS   : -7.710

Type  : Slow 1200mV 0C Model Setup 'adc_proj:comb_3|data_setup:inst1|counter[9]'
Slack : -3.187
TNS   : -40.654

Type  : Slow 1200mV 0C Model Setup 'kbd:keyboard_inst|ps2_clk_filt'
Slack : -2.972
TNS   : -69.049

Type  : Slow 1200mV 0C Model Setup 'clk_50'
Slack : -2.729
TNS   : -353.713

Type  : Slow 1200mV 0C Model Setup 'AUD_DACLRCK'
Slack : -2.473
TNS   : -32.149

Type  : Slow 1200mV 0C Model Setup 'AUD_BCLK'
Slack : -1.600
TNS   : -49.852

Type  : Slow 1200mV 0C Model Setup 'adc_proj:comb_3|codec_prgm:inst2|done'
Slack : -1.222
TNS   : -6.570

Type  : Slow 1200mV 0C Model Hold 'AUD_BCLK'
Slack : 0.268
TNS   : 0.000

Type  : Slow 1200mV 0C Model Hold 'kbd:keyboard_inst|ps2_clk_filt'
Slack : 0.338
TNS   : 0.000

Type  : Slow 1200mV 0C Model Hold 'adc_proj:comb_3|data_setup:inst1|counter[9]'
Slack : 0.339
TNS   : 0.000

Type  : Slow 1200mV 0C Model Hold 'adc_proj:comb_3|codec_prgm:inst2|done'
Slack : 0.354
TNS   : 0.000

Type  : Slow 1200mV 0C Model Hold 'clk_50'
Slack : 0.354
TNS   : 0.000

Type  : Slow 1200mV 0C Model Hold 'AUD_DACLRCK'
Slack : 0.599
TNS   : 0.000

Type  : Slow 1200mV 0C Model Minimum Pulse Width 'clk_50'
Slack : -3.000
TNS   : -773.664

Type  : Slow 1200mV 0C Model Minimum Pulse Width 'AUD_BCLK'
Slack : -3.000
TNS   : -86.525

Type  : Slow 1200mV 0C Model Minimum Pulse Width 'AUD_DACLRCK'
Slack : -3.000
TNS   : -19.705

Type  : Slow 1200mV 0C Model Minimum Pulse Width 'kbd:keyboard_inst|ps2_clk_filt'
Slack : -1.285
TNS   : -43.690

Type  : Slow 1200mV 0C Model Minimum Pulse Width 'adc_proj:comb_3|data_setup:inst1|counter[9]'
Slack : -1.285
TNS   : -23.130

Type  : Slow 1200mV 0C Model Minimum Pulse Width 'adc_proj:comb_3|codec_prgm:inst2|done'
Slack : -1.285
TNS   : -7.710

Type  : Fast 1200mV 0C Model Setup 'AUD_BCLK'
Slack : -1.342
TNS   : -39.301

Type  : Fast 1200mV 0C Model Setup 'adc_proj:comb_3|data_setup:inst1|counter[9]'
Slack : -1.215
TNS   : -13.142

Type  : Fast 1200mV 0C Model Setup 'clk_50'
Slack : -1.116
TNS   : -96.428

Type  : Fast 1200mV 0C Model Setup 'kbd:keyboard_inst|ps2_clk_filt'
Slack : -1.093
TNS   : -22.018

Type  : Fast 1200mV 0C Model Setup 'AUD_DACLRCK'
Slack : -0.852
TNS   : -11.076

Type  : Fast 1200mV 0C Model Setup 'adc_proj:comb_3|codec_prgm:inst2|done'
Slack : -0.163
TNS   : -0.815

Type  : Fast 1200mV 0C Model Hold 'AUD_BCLK'
Slack : 0.170
TNS   : 0.000

Type  : Fast 1200mV 0C Model Hold 'clk_50'
Slack : 0.171
TNS   : 0.000

Type  : Fast 1200mV 0C Model Hold 'kbd:keyboard_inst|ps2_clk_filt'
Slack : 0.174
TNS   : 0.000

Type  : Fast 1200mV 0C Model Hold 'adc_proj:comb_3|data_setup:inst1|counter[9]'
Slack : 0.175
TNS   : 0.000

Type  : Fast 1200mV 0C Model Hold 'adc_proj:comb_3|codec_prgm:inst2|done'
Slack : 0.182
TNS   : 0.000

Type  : Fast 1200mV 0C Model Hold 'AUD_DACLRCK'
Slack : 0.254
TNS   : 0.000

Type  : Fast 1200mV 0C Model Minimum Pulse Width 'clk_50'
Slack : -3.000
TNS   : -434.625

Type  : Fast 1200mV 0C Model Minimum Pulse Width 'AUD_BCLK'
Slack : -3.000
TNS   : -83.810

Type  : Fast 1200mV 0C Model Minimum Pulse Width 'AUD_DACLRCK'
Slack : -3.000
TNS   : -16.806

Type  : Fast 1200mV 0C Model Minimum Pulse Width 'kbd:keyboard_inst|ps2_clk_filt'
Slack : -1.000
TNS   : -34.000

Type  : Fast 1200mV 0C Model Minimum Pulse Width 'adc_proj:comb_3|data_setup:inst1|counter[9]'
Slack : -1.000
TNS   : -18.000

Type  : Fast 1200mV 0C Model Minimum Pulse Width 'adc_proj:comb_3|codec_prgm:inst2|done'
Slack : -1.000
TNS   : -6.000

------------------------------------------------------------
